Using SPARSE 1.3 as Direct Linear Solver
Note: Starting dynamic gmin stepping
Note: Dynamic gmin stepping completed
Error: &tstart: no such variable.
Using SPARSE 1.3 as Direct Linear Solver
Note: Starting dynamic gmin stepping
Note: Dynamic gmin stepping completed

Note: No compatibility mode selected!


Circuit: simulation of the flipped voltage follower with the ekv 2.6 model by c. enz

Doing analysis at TEMP = 27.000000 and TNOM = 27.000000


No. of Data Rows : 1
ASCII raw file "./Simulations/FVF/ngspice/fvf.tran.op"
Doing analysis at TEMP = 27.000000 and TNOM = 27.000000


Initial Transient Solution
--------------------------

Node                                   Voltage
----                                   -------
1                                     0.509286
in                                        0.78
out                                   0.270592
vdd                                        1.8
vin#branch                                   0
vdd#branch                          -3.344e-06


No. of Data Rows : 1025
Note: Simulation executed from .control section 
