Using SPARSE 1.3 as Direct Linear Solver
Note: Starting dynamic gmin stepping
Note: Dynamic gmin stepping completed
Using SPARSE 1.3 as Direct Linear Solver
Note: Starting dynamic gmin stepping
Note: Dynamic gmin stepping completed

Note: No compatibility mode selected!


Circuit: simulation of the symmetrical ota designed with the sekv model by c. enz

Doing analysis at TEMP = 27.000000 and TNOM = 27.000000


No. of Data Rows : 1

Node data saved to file ./Simulations/ngspice/Follower/miller_ota.tran.ic
ASCII raw file "./Simulations/ngspice/Follower/Miller_OTA.tran.op"
Doing analysis at TEMP = 27.000000 and TNOM = 27.000000


Initial Transient Solution
--------------------------

Node                                   Voltage
----                                   -------
4                                      0.94913
out                                   0.900498
3                                     0.393019
1                                      1.26212
inp                                        0.9
vdd                                        1.8
5                                     0.788552
6                                     0.873886
vin#branch                                   0
vdd#branch                        -4.52015e-06


No. of Data Rows : 1022
Note: Simulation executed from .control section 
